2025-07-14 23:06:12,928 - INFO - Using device: cuda
2025-07-14 23:06:12,928 - INFO - Starting training with image directory: /home/btm0050/Research_AI_Stegno_Analysis/SteganoGan/mount/ResearchDataset/fnn
2025-07-14 23:06:12,929 - INFO - Parameters: num_images=20000, batch_size=64, num_epochs=30
2025-07-14 23:06:13,340 - INFO - Found 20000 image files to process
2025-07-14 23:06:13,386 - WARNING - Error processing /home/btm0050/Research_AI_Stegno_Analysis/SteganoGan/mount/ResearchDataset/fnn/ILSVRC2014_train_00000138.JPEG: module 'cv2' has no attribute 'saliency'
2025-07-14 23:06:13,441 - WARNING - Error processing /home/btm0050/Research_AI_Stegno_Analysis/SteganoGan/mount/ResearchDataset/fnn/ILSVRC2013_train_00055656.JPEG: module 'cv2' has no attribute 'saliency'
2025-07-14 23:06:13,496 - WARNING - Error processing /home/btm0050/Research_AI_Stegno_Analysis/SteganoGan/mount/ResearchDataset/fnn/ILSVRC2014_train_00043690.JPEG: module 'cv2' has no attribute 'saliency'
2025-07-14 23:06:13,579 - WARNING - Error processing /home/btm0050/Research_AI_Stegno_Analysis/SteganoGan/mount/ResearchDataset/fnn/ILSVRC2013_train_00087280.JPEG: module 'cv2' has no attribute 'saliency'
2025-07-14 23:06:13,629 - WARNING - Error processing /home/btm0050/Research_AI_Stegno_Analysis/SteganoGan/mount/ResearchDataset/fnn/ILSVRC2014_train_00039266.JPEG: module 'cv2' has no attribute 'saliency'
2025-07-14 23:06:13,677 - WARNING - Error processing /home/btm0050/Research_AI_Stegno_Analysis/SteganoGan/mount/ResearchDataset/fnn/n02395406_27183.JPEG: module 'cv2' has no attribute 'saliency'
2025-07-14 23:06:13,725 - WARNING - Error processing /home/btm0050/Research_AI_Stegno_Analysis/SteganoGan/mount/ResearchDataset/fnn/n03400231_16657.JPEG: module 'cv2' has no attribute 'saliency'
2025-07-14 23:06:13,786 - WARNING - Error processing /home/btm0050/Research_AI_Stegno_Analysis/SteganoGan/mount/ResearchDataset/fnn/ILSVRC2014_train_00059719.JPEG: module 'cv2' has no attribute 'saliency'
2025-07-14 23:06:13,834 - WARNING - Error processing /home/btm0050/Research_AI_Stegno_Analysis/SteganoGan/mount/ResearchDataset/fnn/n04116512_19974.JPEG: module 'cv2' has no attribute 'saliency'
2025-07-14 23:06:13,877 - WARNING - Error processing /home/btm0050/Research_AI_Stegno_Analysis/SteganoGan/mount/ResearchDataset/fnn/n02815834_4587.JPEG: module 'cv2' has no attribute 'saliency'
2025-07-14 23:06:13,932 - WARNING - Error processing /home/btm0050/Research_AI_Stegno_Analysis/SteganoGan/mount/ResearchDataset/fnn/ILSVRC2013_train_00007181.JPEG: module 'cv2' has no attribute 'saliency'
2025-07-14 23:06:13,971 - WARNING - Error processing /home/btm0050/Research_AI_Stegno_Analysis/SteganoGan/mount/ResearchDataset/fnn/n01614925_776.JPEG: module 'cv2' has no attribute 'saliency'
2025-07-14 23:06:14,044 - WARNING - Error processing /home/btm0050/Research_AI_Stegno_Analysis/SteganoGan/mount/ResearchDataset/fnn/n01580077_1107.JPEG: module 'cv2' has no attribute 'saliency'
2025-07-14 23:06:14,105 - WARNING - Error processing /home/btm0050/Research_AI_Stegno_Analysis/SteganoGan/mount/ResearchDataset/fnn/n07753592_2070.JPEG: module 'cv2' has no attribute 'saliency'
2025-07-14 23:06:14,157 - WARNING - Error processing /home/btm0050/Research_AI_Stegno_Analysis/SteganoGan/mount/ResearchDataset/fnn/n02109047_410.JPEG: module 'cv2' has no attribute 'saliency'
2025-07-14 23:06:14,206 - WARNING - Error processing /home/btm0050/Research_AI_Stegno_Analysis/SteganoGan/mount/ResearchDataset/fnn/n03770679_6649.JPEG: module 'cv2' has no attribute 'saliency'
2025-07-14 23:06:14,272 - WARNING - Error processing /home/btm0050/Research_AI_Stegno_Analysis/SteganoGan/mount/ResearchDataset/fnn/n02799071_1029.JPEG: module 'cv2' has no attribute 'saliency'
2025-07-14 23:06:14,320 - WARNING - Error processing /home/btm0050/Research_AI_Stegno_Analysis/SteganoGan/mount/ResearchDataset/fnn/n02423022_11082.JPEG: module 'cv2' has no attribute 'saliency'
2025-07-14 23:06:14,383 - WARNING - Error processing /home/btm0050/Research_AI_Stegno_Analysis/SteganoGan/mount/ResearchDataset/fnn/n01514668_5714.JPEG: module 'cv2' has no attribute 'saliency'
2025-07-14 23:06:14,442 - WARNING - Error processing /home/btm0050/Research_AI_Stegno_Analysis/SteganoGan/mount/ResearchDataset/fnn/ILSVRC2013_train_00066610.JPEG: module 'cv2' has no attribute 'saliency'
2025-07-14 23:06:14,475 - WARNING - Error processing /home/btm0050/Research_AI_Stegno_Analysis/SteganoGan/mount/ResearchDataset/fnn/n02090622_7135.JPEG: module 'cv2' has no attribute 'saliency'
2025-07-14 23:06:14,512 - WARNING - Error processing /home/btm0050/Research_AI_Stegno_Analysis/SteganoGan/mount/ResearchDataset/fnn/n04442312_9964.JPEG: module 'cv2' has no attribute 'saliency'
2025-07-14 23:06:14,585 - WARNING - Error processing /home/btm0050/Research_AI_Stegno_Analysis/SteganoGan/mount/ResearchDataset/fnn/ILSVRC2013_train_00038701.JPEG: module 'cv2' has no attribute 'saliency'
2025-07-14 23:06:14,624 - WARNING - Error processing /home/btm0050/Research_AI_Stegno_Analysis/SteganoGan/mount/ResearchDataset/fnn/n04118776_39933.JPEG: module 'cv2' has no attribute 'saliency'
2025-07-14 23:06:14,683 - WARNING - Error processing /home/btm0050/Research_AI_Stegno_Analysis/SteganoGan/mount/ResearchDataset/fnn/n02086910_6207.JPEG: module 'cv2' has no attribute 'saliency'
2025-07-14 23:06:14,739 - WARNING - Error processing /home/btm0050/Research_AI_Stegno_Analysis/SteganoGan/mount/ResearchDataset/fnn/n01740131_10556.JPEG: module 'cv2' has no attribute 'saliency'
2025-07-14 23:06:14,777 - WARNING - Error processing /home/btm0050/Research_AI_Stegno_Analysis/SteganoGan/mount/ResearchDataset/fnn/n01744401_13895.JPEG: module 'cv2' has no attribute 'saliency'
2025-07-14 23:06:14,832 - WARNING - Error processing /home/btm0050/Research_AI_Stegno_Analysis/SteganoGan/mount/ResearchDataset/fnn/ILSVRC2014_train_00034370.JPEG: module 'cv2' has no attribute 'saliency'
2025-07-14 23:06:14,870 - WARNING - Error processing /home/btm0050/Research_AI_Stegno_Analysis/SteganoGan/mount/ResearchDataset/fnn/n02892767_17425.JPEG: module 'cv2' has no attribute 'saliency'
2025-07-14 23:06:14,929 - WARNING - Error processing /home/btm0050/Research_AI_Stegno_Analysis/SteganoGan/mount/ResearchDataset/fnn/n03495258_22102.JPEG: module 'cv2' has no attribute 'saliency'
2025-07-14 23:06:14,969 - WARNING - Error processing /home/btm0050/Research_AI_Stegno_Analysis/SteganoGan/mount/ResearchDataset/fnn/n01601694_5604.JPEG: module 'cv2' has no attribute 'saliency'
2025-07-14 23:06:15,018 - WARNING - Error processing /home/btm0050/Research_AI_Stegno_Analysis/SteganoGan/mount/ResearchDataset/fnn/n02088238_9292.JPEG: module 'cv2' has no attribute 'saliency'
2025-07-14 23:06:15,062 - WARNING - Error processing /home/btm0050/Research_AI_Stegno_Analysis/SteganoGan/mount/ResearchDataset/fnn/n02076196_5554.JPEG: module 'cv2' has no attribute 'saliency'
2025-07-14 23:06:15,115 - WARNING - Error processing /home/btm0050/Research_AI_Stegno_Analysis/SteganoGan/mount/ResearchDataset/fnn/n02085620_11342.JPEG: module 'cv2' has no attribute 'saliency'
2025-07-14 23:06:15,173 - WARNING - Error processing /home/btm0050/Research_AI_Stegno_Analysis/SteganoGan/mount/ResearchDataset/fnn/ILSVRC2013_train_00083747.JPEG: module 'cv2' has no attribute 'saliency'
2025-07-14 23:06:15,220 - WARNING - Error processing /home/btm0050/Research_AI_Stegno_Analysis/SteganoGan/mount/ResearchDataset/fnn/n04026417_11568.JPEG: module 'cv2' has no attribute 'saliency'
2025-07-14 23:06:15,260 - WARNING - Error processing /home/btm0050/Research_AI_Stegno_Analysis/SteganoGan/mount/ResearchDataset/fnn/n04026417_25854.JPEG: module 'cv2' has no attribute 'saliency'
2025-07-14 23:06:15,311 - WARNING - Error processing /home/btm0050/Research_AI_Stegno_Analysis/SteganoGan/mount/ResearchDataset/fnn/n02917067_5527.JPEG: module 'cv2' has no attribute 'saliency'
2025-07-14 23:06:15,366 - WARNING - Error processing /home/btm0050/Research_AI_Stegno_Analysis/SteganoGan/mount/ResearchDataset/fnn/ILSVRC2013_train_00028243.JPEG: module 'cv2' has no attribute 'saliency'
2025-07-14 23:06:15,442 - WARNING - Error processing /home/btm0050/Research_AI_Stegno_Analysis/SteganoGan/mount/ResearchDataset/fnn/n04141076_42402.JPEG: module 'cv2' has no attribute 'saliency'
2025-07-14 23:06:15,505 - WARNING - Error processing /home/btm0050/Research_AI_Stegno_Analysis/SteganoGan/mount/ResearchDataset/fnn/n02325366_1088.JPEG: module 'cv2' has no attribute 'saliency'
2025-07-14 23:06:15,562 - WARNING - Error processing /home/btm0050/Research_AI_Stegno_Analysis/SteganoGan/mount/ResearchDataset/fnn/ILSVRC2013_train_00068874.JPEG: module 'cv2' has no attribute 'saliency'
2025-07-14 23:06:15,626 - WARNING - Error processing /home/btm0050/Research_AI_Stegno_Analysis/SteganoGan/mount/ResearchDataset/fnn/n03394916_16023.JPEG: module 'cv2' has no attribute 'saliency'
2025-07-14 23:06:15,682 - WARNING - Error processing /home/btm0050/Research_AI_Stegno_Analysis/SteganoGan/mount/ResearchDataset/fnn/n01601694_10669.JPEG: module 'cv2' has no attribute 'saliency'
2025-07-14 23:06:15,718 - WARNING - Error processing /home/btm0050/Research_AI_Stegno_Analysis/SteganoGan/mount/ResearchDataset/fnn/n03179701_3510.JPEG: module 'cv2' has no attribute 'saliency'
2025-07-14 23:06:15,765 - WARNING - Error processing /home/btm0050/Research_AI_Stegno_Analysis/SteganoGan/mount/ResearchDataset/fnn/n03690938_22046.JPEG: module 'cv2' has no attribute 'saliency'
2025-07-14 23:06:15,788 - WARNING - Error processing /home/btm0050/Research_AI_Stegno_Analysis/SteganoGan/mount/ResearchDataset/fnn/n02066245_14939.JPEG: module 'cv2' has no attribute 'saliency'
2025-07-14 23:06:15,846 - WARNING - Error processing /home/btm0050/Research_AI_Stegno_Analysis/SteganoGan/mount/ResearchDataset/fnn/n02113186_9934.JPEG: module 'cv2' has no attribute 'saliency'
2025-07-14 23:06:15,895 - WARNING - Error processing /home/btm0050/Research_AI_Stegno_Analysis/SteganoGan/mount/ResearchDataset/fnn/n01498041_4820.JPEG: module 'cv2' has no attribute 'saliency'
2025-07-14 23:06:15,946 - WARNING - Error processing /home/btm0050/Research_AI_Stegno_Analysis/SteganoGan/mount/ResearchDataset/fnn/n07734744_1810.JPEG: module 'cv2' has no attribute 'saliency'
2025-07-14 23:06:16,049 - WARNING - Error processing /home/btm0050/Research_AI_Stegno_Analysis/SteganoGan/mount/ResearchDataset/fnn/ILSVRC2014_train_00056485.JPEG: module 'cv2' has no attribute 'saliency'
2025-07-14 23:06:16,107 - WARNING - Error processing /home/btm0050/Research_AI_Stegno_Analysis/SteganoGan/mount/ResearchDataset/fnn/n03770679_1993.JPEG: module 'cv2' has no attribute 'saliency'
2025-07-14 23:06:16,155 - WARNING - Error processing /home/btm0050/Research_AI_Stegno_Analysis/SteganoGan/mount/ResearchDataset/fnn/n02113023_10636.JPEG: module 'cv2' has no attribute 'saliency'
2025-07-14 23:06:16,217 - WARNING - Error processing /home/btm0050/Research_AI_Stegno_Analysis/SteganoGan/mount/ResearchDataset/fnn/ILSVRC2013_train_00003324.JPEG: module 'cv2' has no attribute 'saliency'
2025-07-14 23:06:16,320 - WARNING - Error processing /home/btm0050/Research_AI_Stegno_Analysis/SteganoGan/mount/ResearchDataset/fnn/n01496331_14634.JPEG: module 'cv2' has no attribute 'saliency'
2025-07-14 23:06:16,367 - WARNING - Error processing /home/btm0050/Research_AI_Stegno_Analysis/SteganoGan/mount/ResearchDataset/fnn/ILSVRC2013_train_00066778.JPEG: module 'cv2' has no attribute 'saliency'
2025-07-14 23:06:16,424 - WARNING - Error processing /home/btm0050/Research_AI_Stegno_Analysis/SteganoGan/mount/ResearchDataset/fnn/n02892767_18586.JPEG: module 'cv2' has no attribute 'saliency'
2025-07-14 23:06:16,506 - WARNING - Error processing /home/btm0050/Research_AI_Stegno_Analysis/SteganoGan/mount/ResearchDataset/fnn/n01443537_21801.JPEG: module 'cv2' has no attribute 'saliency'
2025-07-14 23:06:16,560 - WARNING - Error processing /home/btm0050/Research_AI_Stegno_Analysis/SteganoGan/mount/ResearchDataset/fnn/ILSVRC2013_train_00045795.JPEG: module 'cv2' has no attribute 'saliency'
2025-07-14 23:06:16,599 - WARNING - Error processing /home/btm0050/Research_AI_Stegno_Analysis/SteganoGan/mount/ResearchDataset/fnn/n02086910_15275.JPEG: module 'cv2' has no attribute 'saliency'
2025-07-14 23:06:16,664 - WARNING - Error processing /home/btm0050/Research_AI_Stegno_Analysis/SteganoGan/mount/ResearchDataset/fnn/n01843065_4767.JPEG: module 'cv2' has no attribute 'saliency'
2025-07-14 23:06:16,798 - WARNING - Error processing /home/btm0050/Research_AI_Stegno_Analysis/SteganoGan/mount/ResearchDataset/fnn/ILSVRC2014_train_00058764.JPEG: module 'cv2' has no attribute 'saliency'
2025-07-14 23:06:16,837 - WARNING - Error processing /home/btm0050/Research_AI_Stegno_Analysis/SteganoGan/mount/ResearchDataset/fnn/ILSVRC2014_train_00002844.JPEG: module 'cv2' has no attribute 'saliency'
2025-07-14 23:06:16,898 - WARNING - Error processing /home/btm0050/Research_AI_Stegno_Analysis/SteganoGan/mount/ResearchDataset/fnn/n04256520_5347.JPEG: module 'cv2' has no attribute 'saliency'
2025-07-14 23:06:16,957 - WARNING - Error processing /home/btm0050/Research_AI_Stegno_Analysis/SteganoGan/mount/ResearchDataset/fnn/ILSVRC2013_train_00101928.JPEG: module 'cv2' has no attribute 'saliency'
2025-07-14 23:06:17,017 - WARNING - Error processing /home/btm0050/Research_AI_Stegno_Analysis/SteganoGan/mount/ResearchDataset/fnn/n07930864_17702.JPEG: module 'cv2' has no attribute 'saliency'
2025-07-14 23:06:17,080 - WARNING - Error processing /home/btm0050/Research_AI_Stegno_Analysis/SteganoGan/mount/ResearchDataset/fnn/ILSVRC2013_train_00005690.JPEG: module 'cv2' has no attribute 'saliency'
2025-07-14 23:06:17,162 - WARNING - Error processing /home/btm0050/Research_AI_Stegno_Analysis/SteganoGan/mount/ResearchDataset/fnn/n01751748_4691.JPEG: module 'cv2' has no attribute 'saliency'
2025-07-14 23:06:17,239 - WARNING - Error processing /home/btm0050/Research_AI_Stegno_Analysis/SteganoGan/mount/ResearchDataset/fnn/ILSVRC2014_train_00059183.JPEG: module 'cv2' has no attribute 'saliency'
2025-07-14 23:06:17,304 - WARNING - Error processing /home/btm0050/Research_AI_Stegno_Analysis/SteganoGan/mount/ResearchDataset/fnn/ILSVRC2013_train_00033753.JPEG: module 'cv2' has no attribute 'saliency'
2025-07-14 23:06:17,332 - WARNING - Error processing /home/btm0050/Research_AI_Stegno_Analysis/SteganoGan/mount/ResearchDataset/fnn/n04554684_11708.JPEG: module 'cv2' has no attribute 'saliency'
2025-07-14 23:06:17,391 - WARNING - Error processing /home/btm0050/Research_AI_Stegno_Analysis/SteganoGan/mount/ResearchDataset/fnn/n02027492_8523.JPEG: module 'cv2' has no attribute 'saliency'
2025-07-14 23:06:17,455 - WARNING - Error processing /home/btm0050/Research_AI_Stegno_Analysis/SteganoGan/mount/ResearchDataset/fnn/ILSVRC2014_train_00014676.JPEG: module 'cv2' has no attribute 'saliency'
2025-07-14 23:06:17,496 - WARNING - Error processing /home/btm0050/Research_AI_Stegno_Analysis/SteganoGan/mount/ResearchDataset/fnn/ILSVRC2014_train_00027348.JPEG: module 'cv2' has no attribute 'saliency'
2025-07-14 23:06:17,560 - WARNING - Error processing /home/btm0050/Research_AI_Stegno_Analysis/SteganoGan/mount/ResearchDataset/fnn/n04591713_11370.JPEG: module 'cv2' has no attribute 'saliency'
2025-07-14 23:06:17,629 - WARNING - Error processing /home/btm0050/Research_AI_Stegno_Analysis/SteganoGan/mount/ResearchDataset/fnn/n01739381_4239.JPEG: module 'cv2' has no attribute 'saliency'
2025-07-14 23:06:17,683 - WARNING - Error processing /home/btm0050/Research_AI_Stegno_Analysis/SteganoGan/mount/ResearchDataset/fnn/n04270147_13821.JPEG: module 'cv2' has no attribute 'saliency'
2025-07-14 23:06:17,728 - WARNING - Error processing /home/btm0050/Research_AI_Stegno_Analysis/SteganoGan/mount/ResearchDataset/fnn/n04023962_9625.JPEG: module 'cv2' has no attribute 'saliency'
2025-07-14 23:06:17,777 - WARNING - Error processing /home/btm0050/Research_AI_Stegno_Analysis/SteganoGan/mount/ResearchDataset/fnn/n07697313_1646.JPEG: module 'cv2' has no attribute 'saliency'
2025-07-14 23:06:17,830 - WARNING - Error processing /home/btm0050/Research_AI_Stegno_Analysis/SteganoGan/mount/ResearchDataset/fnn/n07695742_8489.JPEG: module 'cv2' has no attribute 'saliency'
2025-07-14 23:06:17,869 - WARNING - Error processing /home/btm0050/Research_AI_Stegno_Analysis/SteganoGan/mount/ResearchDataset/fnn/ILSVRC2013_train_00010099.JPEG: module 'cv2' has no attribute 'saliency'
2025-07-14 23:06:17,930 - WARNING - Error processing /home/btm0050/Research_AI_Stegno_Analysis/SteganoGan/mount/ResearchDataset/fnn/n01503061_13781.JPEG: module 'cv2' has no attribute 'saliency'
2025-07-14 23:06:18,000 - WARNING - Error processing /home/btm0050/Research_AI_Stegno_Analysis/SteganoGan/mount/ResearchDataset/fnn/n01882714_2965.JPEG: module 'cv2' has no attribute 'saliency'
2025-07-14 23:06:18,055 - WARNING - Error processing /home/btm0050/Research_AI_Stegno_Analysis/SteganoGan/mount/ResearchDataset/fnn/n02033041_7420.JPEG: module 'cv2' has no attribute 'saliency'
2025-07-14 23:06:18,107 - WARNING - Error processing /home/btm0050/Research_AI_Stegno_Analysis/SteganoGan/mount/ResearchDataset/fnn/n01824575_3409.JPEG: module 'cv2' has no attribute 'saliency'
2025-07-14 23:06:18,154 - WARNING - Error processing /home/btm0050/Research_AI_Stegno_Analysis/SteganoGan/mount/ResearchDataset/fnn/n03792782_12258.JPEG: module 'cv2' has no attribute 'saliency'
2025-07-14 23:06:18,190 - WARNING - Error processing /home/btm0050/Research_AI_Stegno_Analysis/SteganoGan/mount/ResearchDataset/fnn/ILSVRC2013_train_00022085.JPEG: module 'cv2' has no attribute 'saliency'
2025-07-14 23:06:18,246 - WARNING - Error processing /home/btm0050/Research_AI_Stegno_Analysis/SteganoGan/mount/ResearchDataset/fnn/n04118538_2091.JPEG: module 'cv2' has no attribute 'saliency'
2025-07-14 23:06:18,315 - WARNING - Error processing /home/btm0050/Research_AI_Stegno_Analysis/SteganoGan/mount/ResearchDataset/fnn/ILSVRC2013_train_00102940.JPEG: module 'cv2' has no attribute 'saliency'
2025-07-14 23:06:18,360 - WARNING - Error processing /home/btm0050/Research_AI_Stegno_Analysis/SteganoGan/mount/ResearchDataset/fnn/n02815834_8185.JPEG: module 'cv2' has no attribute 'saliency'
2025-07-14 23:06:18,407 - WARNING - Error processing /home/btm0050/Research_AI_Stegno_Analysis/SteganoGan/mount/ResearchDataset/fnn/n07720875_4538.JPEG: module 'cv2' has no attribute 'saliency'
2025-07-14 23:06:18,457 - WARNING - Error processing /home/btm0050/Research_AI_Stegno_Analysis/SteganoGan/mount/ResearchDataset/fnn/n01806143_4494.JPEG: module 'cv2' has no attribute 'saliency'
2025-07-14 23:06:18,494 - WARNING - Error processing /home/btm0050/Research_AI_Stegno_Analysis/SteganoGan/mount/ResearchDataset/fnn/n02096294_3800.JPEG: module 'cv2' has no attribute 'saliency'
2025-07-14 23:06:18,565 - WARNING - Error processing /home/btm0050/Research_AI_Stegno_Analysis/SteganoGan/mount/ResearchDataset/fnn/n02097209_3918.JPEG: module 'cv2' has no attribute 'saliency'
2025-07-14 23:06:18,584 - WARNING - Error processing /home/btm0050/Research_AI_Stegno_Analysis/SteganoGan/mount/ResearchDataset/fnn/n03207941_22363.JPEG: module 'cv2' has no attribute 'saliency'
2025-07-14 23:06:18,634 - WARNING - Error processing /home/btm0050/Research_AI_Stegno_Analysis/SteganoGan/mount/ResearchDataset/fnn/ILSVRC2013_train_00105455.JPEG: module 'cv2' has no attribute 'saliency'
2025-07-14 23:06:18,665 - WARNING - Error processing /home/btm0050/Research_AI_Stegno_Analysis/SteganoGan/mount/ResearchDataset/fnn/n02095314_2421.JPEG: module 'cv2' has no attribute 'saliency'
2025-07-14 23:06:18,714 - WARNING - Error processing /home/btm0050/Research_AI_Stegno_Analysis/SteganoGan/mount/ResearchDataset/fnn/n02110185_2614.JPEG: module 'cv2' has no attribute 'saliency'
2025-07-14 23:06:18,776 - WARNING - Error processing /home/btm0050/Research_AI_Stegno_Analysis/SteganoGan/mount/ResearchDataset/fnn/n03804744_9370.JPEG: module 'cv2' has no attribute 'saliency'
2025-07-14 23:06:18,804 - WARNING - Error processing /home/btm0050/Research_AI_Stegno_Analysis/SteganoGan/mount/ResearchDataset/fnn/n01776313_11510.JPEG: module 'cv2' has no attribute 'saliency'
2025-07-14 23:06:18,865 - WARNING - Error processing /home/btm0050/Research_AI_Stegno_Analysis/SteganoGan/mount/ResearchDataset/fnn/n04515003_5134.JPEG: module 'cv2' has no attribute 'saliency'
2025-07-14 23:06:18,929 - WARNING - Error processing /home/btm0050/Research_AI_Stegno_Analysis/SteganoGan/mount/ResearchDataset/fnn/n02027492_7246.JPEG: module 'cv2' has no attribute 'saliency'
2025-07-14 23:06:18,988 - WARNING - Error processing /home/btm0050/Research_AI_Stegno_Analysis/SteganoGan/mount/ResearchDataset/fnn/ILSVRC2013_train_00028591.JPEG: module 'cv2' has no attribute 'saliency'
2025-07-14 23:06:19,014 - WARNING - Error processing /home/btm0050/Research_AI_Stegno_Analysis/SteganoGan/mount/ResearchDataset/fnn/n02107574_267.JPEG: module 'cv2' has no attribute 'saliency'
2025-07-14 23:06:19,073 - WARNING - Error processing /home/btm0050/Research_AI_Stegno_Analysis/SteganoGan/mount/ResearchDataset/fnn/n01742172_18445.JPEG: module 'cv2' has no attribute 'saliency'
2025-07-14 23:06:19,107 - WARNING - Error processing /home/btm0050/Research_AI_Stegno_Analysis/SteganoGan/mount/ResearchDataset/fnn/n01682714_356.JPEG: module 'cv2' has no attribute 'saliency'
2025-07-14 23:06:19,138 - WARNING - Error processing /home/btm0050/Research_AI_Stegno_Analysis/SteganoGan/mount/ResearchDataset/fnn/n02108000_2767.JPEG: module 'cv2' has no attribute 'saliency'
2025-07-14 23:06:19,197 - WARNING - Error processing /home/btm0050/Research_AI_Stegno_Analysis/SteganoGan/mount/ResearchDataset/fnn/n03538406_1850.JPEG: module 'cv2' has no attribute 'saliency'
2025-07-14 23:06:19,258 - WARNING - Error processing /home/btm0050/Research_AI_Stegno_Analysis/SteganoGan/mount/ResearchDataset/fnn/n03498962_14360.JPEG: module 'cv2' has no attribute 'saliency'
2025-07-14 23:06:19,283 - WARNING - Error processing /home/btm0050/Research_AI_Stegno_Analysis/SteganoGan/mount/ResearchDataset/fnn/n01695060_30050.JPEG: module 'cv2' has no attribute 'saliency'
2025-07-14 23:06:19,347 - WARNING - Error processing /home/btm0050/Research_AI_Stegno_Analysis/SteganoGan/mount/ResearchDataset/fnn/n02097474_17391.JPEG: module 'cv2' has no attribute 'saliency'
2025-07-14 23:06:19,392 - WARNING - Error processing /home/btm0050/Research_AI_Stegno_Analysis/SteganoGan/mount/ResearchDataset/fnn/ILSVRC2013_train_00097529.JPEG: module 'cv2' has no attribute 'saliency'
2025-07-14 23:06:19,461 - WARNING - Error processing /home/btm0050/Research_AI_Stegno_Analysis/SteganoGan/mount/ResearchDataset/fnn/n03249569_17095.JPEG: module 'cv2' has no attribute 'saliency'
2025-07-14 23:06:19,518 - WARNING - Error processing /home/btm0050/Research_AI_Stegno_Analysis/SteganoGan/mount/ResearchDataset/fnn/ILSVRC2013_train_00006998.JPEG: module 'cv2' has no attribute 'saliency'
2025-07-14 23:06:19,562 - WARNING - Error processing /home/btm0050/Research_AI_Stegno_Analysis/SteganoGan/mount/ResearchDataset/fnn/n02815834_3806.JPEG: module 'cv2' has no attribute 'saliency'
2025-07-14 23:06:19,598 - WARNING - Error processing /home/btm0050/Research_AI_Stegno_Analysis/SteganoGan/mount/ResearchDataset/fnn/ILSVRC2013_train_00029780.JPEG: module 'cv2' has no attribute 'saliency'
2025-07-14 23:06:19,646 - WARNING - Error processing /home/btm0050/Research_AI_Stegno_Analysis/SteganoGan/mount/ResearchDataset/fnn/ILSVRC2013_train_00106428.JPEG: module 'cv2' has no attribute 'saliency'
2025-07-14 23:06:19,700 - WARNING - Error processing /home/btm0050/Research_AI_Stegno_Analysis/SteganoGan/mount/ResearchDataset/fnn/ILSVRC2014_train_00048440.JPEG: module 'cv2' has no attribute 'saliency'
2025-07-14 23:06:19,744 - WARNING - Error processing /home/btm0050/Research_AI_Stegno_Analysis/SteganoGan/mount/ResearchDataset/fnn/ILSVRC2013_train_00019127.JPEG: module 'cv2' has no attribute 'saliency'
2025-07-14 23:06:19,814 - WARNING - Error processing /home/btm0050/Research_AI_Stegno_Analysis/SteganoGan/mount/ResearchDataset/fnn/n02086646_8632.JPEG: module 'cv2' has no attribute 'saliency'
2025-07-14 23:06:19,867 - WARNING - Error processing /home/btm0050/Research_AI_Stegno_Analysis/SteganoGan/mount/ResearchDataset/fnn/ILSVRC2014_train_00022902.JPEG: module 'cv2' has no attribute 'saliency'
2025-07-14 23:06:19,920 - WARNING - Error processing /home/btm0050/Research_AI_Stegno_Analysis/SteganoGan/mount/ResearchDataset/fnn/n02112350_9431.JPEG: module 'cv2' has no attribute 'saliency'
2025-07-14 23:06:19,972 - WARNING - Error processing /home/btm0050/Research_AI_Stegno_Analysis/SteganoGan/mount/ResearchDataset/fnn/ILSVRC2013_train_00077001.JPEG: module 'cv2' has no attribute 'saliency'
2025-07-14 23:06:20,034 - WARNING - Error processing /home/btm0050/Research_AI_Stegno_Analysis/SteganoGan/mount/ResearchDataset/fnn/n04154565_6663.JPEG: module 'cv2' has no attribute 'saliency'
2025-07-14 23:06:20,086 - WARNING - Error processing /home/btm0050/Research_AI_Stegno_Analysis/SteganoGan/mount/ResearchDataset/fnn/n04152593_60736.JPEG: module 'cv2' has no attribute 'saliency'
2025-07-14 23:06:20,146 - WARNING - Error processing /home/btm0050/Research_AI_Stegno_Analysis/SteganoGan/mount/ResearchDataset/fnn/n01534433_15035.JPEG: module 'cv2' has no attribute 'saliency'
2025-07-14 23:06:20,193 - WARNING - Error processing /home/btm0050/Research_AI_Stegno_Analysis/SteganoGan/mount/ResearchDataset/fnn/n03642806_1362.JPEG: module 'cv2' has no attribute 'saliency'
2025-07-14 23:06:20,240 - WARNING - Error processing /home/btm0050/Research_AI_Stegno_Analysis/SteganoGan/mount/ResearchDataset/fnn/n04074963_21844.JPEG: module 'cv2' has no attribute 'saliency'
2025-07-14 23:06:20,273 - WARNING - Error processing /home/btm0050/Research_AI_Stegno_Analysis/SteganoGan/mount/ResearchDataset/fnn/n02096294_7644.JPEG: module 'cv2' has no attribute 'saliency'
2025-07-14 23:06:20,342 - WARNING - Error processing /home/btm0050/Research_AI_Stegno_Analysis/SteganoGan/mount/ResearchDataset/fnn/n01729322_5666.JPEG: module 'cv2' has no attribute 'saliency'
2025-07-14 23:06:20,412 - WARNING - Error processing /home/btm0050/Research_AI_Stegno_Analysis/SteganoGan/mount/ResearchDataset/fnn/n03982430_37994.JPEG: module 'cv2' has no attribute 'saliency'
2025-07-14 23:06:20,448 - WARNING - Error processing /home/btm0050/Research_AI_Stegno_Analysis/SteganoGan/mount/ResearchDataset/fnn/ILSVRC2013_train_00068093.JPEG: module 'cv2' has no attribute 'saliency'
2025-07-14 23:06:20,484 - WARNING - Error processing /home/btm0050/Research_AI_Stegno_Analysis/SteganoGan/mount/ResearchDataset/fnn/n03447447_1784.JPEG: module 'cv2' has no attribute 'saliency'
2025-07-14 23:06:20,542 - WARNING - Error processing /home/btm0050/Research_AI_Stegno_Analysis/SteganoGan/mount/ResearchDataset/fnn/n02013706_202.JPEG: module 'cv2' has no attribute 'saliency'
2025-07-14 23:06:20,601 - WARNING - Error processing /home/btm0050/Research_AI_Stegno_Analysis/SteganoGan/mount/ResearchDataset/fnn/n01669191_7961.JPEG: module 'cv2' has no attribute 'saliency'
2025-07-14 23:06:20,642 - WARNING - Error processing /home/btm0050/Research_AI_Stegno_Analysis/SteganoGan/mount/ResearchDataset/fnn/n02098413_19203.JPEG: module 'cv2' has no attribute 'saliency'
2025-07-14 23:06:20,669 - WARNING - Error processing /home/btm0050/Research_AI_Stegno_Analysis/SteganoGan/mount/ResearchDataset/fnn/ILSVRC2013_train_00045321.JPEG: module 'cv2' has no attribute 'saliency'
2025-07-14 23:06:20,721 - WARNING - Error processing /home/btm0050/Research_AI_Stegno_Analysis/SteganoGan/mount/ResearchDataset/fnn/n02102973_5321.JPEG: module 'cv2' has no attribute 'saliency'
2025-07-14 23:06:20,785 - WARNING - Error processing /home/btm0050/Research_AI_Stegno_Analysis/SteganoGan/mount/ResearchDataset/fnn/ILSVRC2013_train_00033872.JPEG: module 'cv2' has no attribute 'saliency'
2025-07-14 23:06:20,850 - WARNING - Error processing /home/btm0050/Research_AI_Stegno_Analysis/SteganoGan/mount/ResearchDataset/fnn/n04487081_13304.JPEG: module 'cv2' has no attribute 'saliency'
2025-07-14 23:06:20,904 - WARNING - Error processing /home/btm0050/Research_AI_Stegno_Analysis/SteganoGan/mount/ResearchDataset/fnn/ILSVRC2013_train_00030723.JPEG: module 'cv2' has no attribute 'saliency'
2025-07-14 23:06:20,970 - WARNING - Error processing /home/btm0050/Research_AI_Stegno_Analysis/SteganoGan/mount/ResearchDataset/fnn/ILSVRC2013_train_00063442.JPEG: module 'cv2' has no attribute 'saliency'
2025-07-14 23:06:21,006 - WARNING - Error processing /home/btm0050/Research_AI_Stegno_Analysis/SteganoGan/mount/ResearchDataset/fnn/n01984695_8317.JPEG: module 'cv2' has no attribute 'saliency'
2025-07-14 23:06:21,087 - WARNING - Error processing /home/btm0050/Research_AI_Stegno_Analysis/SteganoGan/mount/ResearchDataset/fnn/ILSVRC2013_train_00089545.JPEG: module 'cv2' has no attribute 'saliency'
2025-07-14 23:06:21,143 - WARNING - Error processing /home/btm0050/Research_AI_Stegno_Analysis/SteganoGan/mount/ResearchDataset/fnn/n02281787_3985.JPEG: module 'cv2' has no attribute 'saliency'
2025-07-14 23:06:21,168 - WARNING - Error processing /home/btm0050/Research_AI_Stegno_Analysis/SteganoGan/mount/ResearchDataset/fnn/n04591713_3491.JPEG: module 'cv2' has no attribute 'saliency'
2025-07-14 23:06:21,199 - WARNING - Error processing /home/btm0050/Research_AI_Stegno_Analysis/SteganoGan/mount/ResearchDataset/fnn/ILSVRC2013_train_00083558.JPEG: module 'cv2' has no attribute 'saliency'
2025-07-14 23:06:21,254 - WARNING - Error processing /home/btm0050/Research_AI_Stegno_Analysis/SteganoGan/mount/ResearchDataset/fnn/n02012849_5396.JPEG: module 'cv2' has no attribute 'saliency'
2025-07-14 23:06:21,315 - WARNING - Error processing /home/btm0050/Research_AI_Stegno_Analysis/SteganoGan/mount/ResearchDataset/fnn/ILSVRC2013_train_00093923.JPEG: module 'cv2' has no attribute 'saliency'
2025-07-14 23:06:21,372 - WARNING - Error processing /home/btm0050/Research_AI_Stegno_Analysis/SteganoGan/mount/ResearchDataset/fnn/ILSVRC2013_train_00070265.JPEG: module 'cv2' has no attribute 'saliency'
2025-07-14 23:06:21,408 - WARNING - Error processing /home/btm0050/Research_AI_Stegno_Analysis/SteganoGan/mount/ResearchDataset/fnn/n01798484_7846.JPEG: module 'cv2' has no attribute 'saliency'
2025-07-14 23:06:21,456 - WARNING - Error processing /home/btm0050/Research_AI_Stegno_Analysis/SteganoGan/mount/ResearchDataset/fnn/n02110806_12811.JPEG: module 'cv2' has no attribute 'saliency'
2025-07-14 23:06:21,528 - WARNING - Error processing /home/btm0050/Research_AI_Stegno_Analysis/SteganoGan/mount/ResearchDataset/fnn/ILSVRC2014_train_00027025.JPEG: module 'cv2' has no attribute 'saliency'
2025-07-14 23:06:21,579 - WARNING - Error processing /home/btm0050/Research_AI_Stegno_Analysis/SteganoGan/mount/ResearchDataset/fnn/ILSVRC2014_train_00030442.JPEG: module 'cv2' has no attribute 'saliency'
2025-07-14 23:06:21,625 - WARNING - Error processing /home/btm0050/Research_AI_Stegno_Analysis/SteganoGan/mount/ResearchDataset/fnn/n04557648_9447.JPEG: module 'cv2' has no attribute 'saliency'
2025-07-14 23:06:21,679 - WARNING - Error processing /home/btm0050/Research_AI_Stegno_Analysis/SteganoGan/mount/ResearchDataset/fnn/ILSVRC2014_train_00057926.JPEG: module 'cv2' has no attribute 'saliency'
2025-07-14 23:06:21,764 - WARNING - Error processing /home/btm0050/Research_AI_Stegno_Analysis/SteganoGan/mount/ResearchDataset/fnn/ILSVRC2013_train_00103004.JPEG: module 'cv2' has no attribute 'saliency'
2025-07-14 23:06:21,804 - WARNING - Error processing /home/btm0050/Research_AI_Stegno_Analysis/SteganoGan/mount/ResearchDataset/fnn/ILSVRC2013_train_00009791.JPEG: module 'cv2' has no attribute 'saliency'
2025-07-14 23:06:21,865 - WARNING - Error processing /home/btm0050/Research_AI_Stegno_Analysis/SteganoGan/mount/ResearchDataset/fnn/ILSVRC2014_train_00043444.JPEG: module 'cv2' has no attribute 'saliency'
2025-07-14 23:06:21,912 - WARNING - Error processing /home/btm0050/Research_AI_Stegno_Analysis/SteganoGan/mount/ResearchDataset/fnn/n04019541_697.JPEG: module 'cv2' has no attribute 'saliency'
2025-07-14 23:06:21,977 - WARNING - Error processing /home/btm0050/Research_AI_Stegno_Analysis/SteganoGan/mount/ResearchDataset/fnn/n02835271_24708.JPEG: module 'cv2' has no attribute 'saliency'
2025-07-14 23:06:22,048 - WARNING - Error processing /home/btm0050/Research_AI_Stegno_Analysis/SteganoGan/mount/ResearchDataset/fnn/n07583066_10058.JPEG: module 'cv2' has no attribute 'saliency'
2025-07-14 23:06:22,115 - WARNING - Error processing /home/btm0050/Research_AI_Stegno_Analysis/SteganoGan/mount/ResearchDataset/fnn/n01776313_13516.JPEG: module 'cv2' has no attribute 'saliency'
2025-07-14 23:06:22,181 - WARNING - Error processing /home/btm0050/Research_AI_Stegno_Analysis/SteganoGan/mount/ResearchDataset/fnn/ILSVRC2014_train_00058424.JPEG: module 'cv2' has no attribute 'saliency'
2025-07-14 23:06:22,242 - WARNING - Error processing /home/btm0050/Research_AI_Stegno_Analysis/SteganoGan/mount/ResearchDataset/fnn/n02799071_3984.JPEG: module 'cv2' has no attribute 'saliency'
2025-07-14 23:06:22,294 - WARNING - Error processing /home/btm0050/Research_AI_Stegno_Analysis/SteganoGan/mount/ResearchDataset/fnn/n03538406_8325.JPEG: module 'cv2' has no attribute 'saliency'
2025-07-14 23:06:22,341 - WARNING - Error processing /home/btm0050/Research_AI_Stegno_Analysis/SteganoGan/mount/ResearchDataset/fnn/ILSVRC2014_train_00046050.JPEG: module 'cv2' has no attribute 'saliency'
2025-07-14 23:06:22,710 - WARNING - Error processing /home/btm0050/Research_AI_Stegno_Analysis/SteganoGan/mount/ResearchDataset/fnn/n02510455_8414.JPEG: module 'cv2' has no attribute 'saliency'
2025-07-14 23:06:22,778 - WARNING - Error processing /home/btm0050/Research_AI_Stegno_Analysis/SteganoGan/mount/ResearchDataset/fnn/ILSVRC2013_train_00057518.JPEG: module 'cv2' has no attribute 'saliency'
2025-07-14 23:06:22,837 - WARNING - Error processing /home/btm0050/Research_AI_Stegno_Analysis/SteganoGan/mount/ResearchDataset/fnn/ILSVRC2013_train_00075824.JPEG: module 'cv2' has no attribute 'saliency'
2025-07-14 23:06:22,916 - WARNING - Error processing /home/btm0050/Research_AI_Stegno_Analysis/SteganoGan/mount/ResearchDataset/fnn/ILSVRC2014_train_00043262.JPEG: module 'cv2' has no attribute 'saliency'
2025-07-14 23:06:22,985 - WARNING - Error processing /home/btm0050/Research_AI_Stegno_Analysis/SteganoGan/mount/ResearchDataset/fnn/n01982650_11726.JPEG: module 'cv2' has no attribute 'saliency'
2025-07-14 23:06:23,020 - WARNING - Error processing /home/btm0050/Research_AI_Stegno_Analysis/SteganoGan/mount/ResearchDataset/fnn/ILSVRC2013_train_00060388.JPEG: module 'cv2' has no attribute 'saliency'
2025-07-14 23:06:23,057 - WARNING - Error processing /home/btm0050/Research_AI_Stegno_Analysis/SteganoGan/mount/ResearchDataset/fnn/ILSVRC2013_train_00056640.JPEG: module 'cv2' has no attribute 'saliency'
2025-07-14 23:06:23,102 - WARNING - Error processing /home/btm0050/Research_AI_Stegno_Analysis/SteganoGan/mount/ResearchDataset/fnn/n02883205_11266.JPEG: module 'cv2' has no attribute 'saliency'
2025-07-14 23:06:23,144 - WARNING - Error processing /home/btm0050/Research_AI_Stegno_Analysis/SteganoGan/mount/ResearchDataset/fnn/ILSVRC2013_train_00050857.JPEG: module 'cv2' has no attribute 'saliency'
2025-07-14 23:06:23,208 - WARNING - Error processing /home/btm0050/Research_AI_Stegno_Analysis/SteganoGan/mount/ResearchDataset/fnn/n02011460_7662.JPEG: module 'cv2' has no attribute 'saliency'
2025-07-14 23:06:23,270 - WARNING - Error processing /home/btm0050/Research_AI_Stegno_Analysis/SteganoGan/mount/ResearchDataset/fnn/n07583066_8281.JPEG: module 'cv2' has no attribute 'saliency'
2025-07-14 23:06:23,319 - WARNING - Error processing /home/btm0050/Research_AI_Stegno_Analysis/SteganoGan/mount/ResearchDataset/fnn/n02109961_1034.JPEG: module 'cv2' has no attribute 'saliency'
2025-07-14 23:06:23,366 - WARNING - Error processing /home/btm0050/Research_AI_Stegno_Analysis/SteganoGan/mount/ResearchDataset/fnn/n01983481_19998.JPEG: module 'cv2' has no attribute 'saliency'
2025-07-14 23:06:23,427 - WARNING - Error processing /home/btm0050/Research_AI_Stegno_Analysis/SteganoGan/mount/ResearchDataset/fnn/n02110806_757.JPEG: module 'cv2' has no attribute 'saliency'
2025-07-14 23:06:23,478 - WARNING - Error processing /home/btm0050/Research_AI_Stegno_Analysis/SteganoGan/mount/ResearchDataset/fnn/ILSVRC2014_train_00042390.JPEG: module 'cv2' has no attribute 'saliency'
2025-07-14 23:06:23,559 - WARNING - Error processing /home/btm0050/Research_AI_Stegno_Analysis/SteganoGan/mount/ResearchDataset/fnn/ILSVRC2013_train_00091447.JPEG: module 'cv2' has no attribute 'saliency'
2025-07-14 23:06:23,613 - WARNING - Error processing /home/btm0050/Research_AI_Stegno_Analysis/SteganoGan/mount/ResearchDataset/fnn/ILSVRC2014_train_00038618.JPEG: module 'cv2' has no attribute 'saliency'
2025-07-14 23:06:23,702 - WARNING - Error processing /home/btm0050/Research_AI_Stegno_Analysis/SteganoGan/mount/ResearchDataset/fnn/n02106166_5336.JPEG: module 'cv2' has no attribute 'saliency'
2025-07-14 23:06:23,726 - WARNING - Error processing /home/btm0050/Research_AI_Stegno_Analysis/SteganoGan/mount/ResearchDataset/fnn/ILSVRC2013_train_00028812.JPEG: module 'cv2' has no attribute 'saliency'
2025-07-14 23:06:23,799 - WARNING - Error processing /home/btm0050/Research_AI_Stegno_Analysis/SteganoGan/mount/ResearchDataset/fnn/n02276258_5175.JPEG: module 'cv2' has no attribute 'saliency'
2025-07-14 23:06:23,846 - WARNING - Error processing /home/btm0050/Research_AI_Stegno_Analysis/SteganoGan/mount/ResearchDataset/fnn/ILSVRC2014_train_00046221.JPEG: module 'cv2' has no attribute 'saliency'
2025-07-14 23:06:23,886 - WARNING - Error processing /home/btm0050/Research_AI_Stegno_Analysis/SteganoGan/mount/ResearchDataset/fnn/ILSVRC2013_train_00008460.JPEG: module 'cv2' has no attribute 'saliency'
2025-07-14 23:06:23,941 - WARNING - Error processing /home/btm0050/Research_AI_Stegno_Analysis/SteganoGan/mount/ResearchDataset/fnn/n02870880_2167.JPEG: module 'cv2' has no attribute 'saliency'
2025-07-14 23:06:23,980 - WARNING - Error processing /home/btm0050/Research_AI_Stegno_Analysis/SteganoGan/mount/ResearchDataset/fnn/n04118776_32215.JPEG: module 'cv2' has no attribute 'saliency'
2025-07-14 23:06:24,036 - WARNING - Error processing /home/btm0050/Research_AI_Stegno_Analysis/SteganoGan/mount/ResearchDataset/fnn/n02102177_3974.JPEG: module 'cv2' has no attribute 'saliency'
2025-07-14 23:06:24,085 - WARNING - Error processing /home/btm0050/Research_AI_Stegno_Analysis/SteganoGan/mount/ResearchDataset/fnn/ILSVRC2013_train_00072364.JPEG: module 'cv2' has no attribute 'saliency'
2025-07-14 23:06:24,170 - WARNING - Error processing /home/btm0050/Research_AI_Stegno_Analysis/SteganoGan/mount/ResearchDataset/fnn/ILSVRC2013_train_00004134.JPEG: module 'cv2' has no attribute 'saliency'
2025-07-14 23:06:24,236 - WARNING - Error processing /home/btm0050/Research_AI_Stegno_Analysis/SteganoGan/mount/ResearchDataset/fnn/ILSVRC2013_train_00019545.JPEG: module 'cv2' has no attribute 'saliency'
2025-07-14 23:06:24,284 - WARNING - Error processing /home/btm0050/Research_AI_Stegno_Analysis/SteganoGan/mount/ResearchDataset/fnn/n01742172_7489.JPEG: module 'cv2' has no attribute 'saliency'
2025-07-14 23:06:24,367 - WARNING - Error processing /home/btm0050/Research_AI_Stegno_Analysis/SteganoGan/mount/ResearchDataset/fnn/n01847000_15917.JPEG: module 'cv2' has no attribute 'saliency'
2025-07-14 23:06:24,412 - WARNING - Error processing /home/btm0050/Research_AI_Stegno_Analysis/SteganoGan/mount/ResearchDataset/fnn/n03891251_1065.JPEG: module 'cv2' has no attribute 'saliency'
2025-07-14 23:06:24,485 - WARNING - Error processing /home/btm0050/Research_AI_Stegno_Analysis/SteganoGan/mount/ResearchDataset/fnn/ILSVRC2014_train_00037578.JPEG: module 'cv2' has no attribute 'saliency'
2025-07-14 23:06:24,545 - WARNING - Error processing /home/btm0050/Research_AI_Stegno_Analysis/SteganoGan/mount/ResearchDataset/fnn/n02100583_184.JPEG: module 'cv2' has no attribute 'saliency'
2025-07-14 23:06:24,614 - WARNING - Error processing /home/btm0050/Research_AI_Stegno_Analysis/SteganoGan/mount/ResearchDataset/fnn/ILSVRC2013_train_00101214.JPEG: module 'cv2' has no attribute 'saliency'
2025-07-14 23:06:24,657 - WARNING - Error processing /home/btm0050/Research_AI_Stegno_Analysis/SteganoGan/mount/ResearchDataset/fnn/ILSVRC2013_train_00033752.JPEG: module 'cv2' has no attribute 'saliency'
2025-07-14 23:06:24,721 - WARNING - Error processing /home/btm0050/Research_AI_Stegno_Analysis/SteganoGan/mount/ResearchDataset/fnn/n01820546_4438.JPEG: module 'cv2' has no attribute 'saliency'
2025-07-14 23:06:24,791 - WARNING - Error processing /home/btm0050/Research_AI_Stegno_Analysis/SteganoGan/mount/ResearchDataset/fnn/ILSVRC2013_train_00101831.JPEG: module 'cv2' has no attribute 'saliency'
2025-07-14 23:06:24,868 - WARNING - Error processing /home/btm0050/Research_AI_Stegno_Analysis/SteganoGan/mount/ResearchDataset/fnn/n02133161_3187.JPEG: module 'cv2' has no attribute 'saliency'
2025-07-14 23:06:24,939 - WARNING - Error processing /home/btm0050/Research_AI_Stegno_Analysis/SteganoGan/mount/ResearchDataset/fnn/n02672831_64236.JPEG: module 'cv2' has no attribute 'saliency'
2025-07-14 23:06:24,976 - WARNING - Error processing /home/btm0050/Research_AI_Stegno_Analysis/SteganoGan/mount/ResearchDataset/fnn/n02444819_457.JPEG: module 'cv2' has no attribute 'saliency'
2025-07-14 23:06:25,043 - WARNING - Error processing /home/btm0050/Research_AI_Stegno_Analysis/SteganoGan/mount/ResearchDataset/fnn/ILSVRC2013_train_00101057.JPEG: module 'cv2' has no attribute 'saliency'
2025-07-14 23:06:25,112 - WARNING - Error processing /home/btm0050/Research_AI_Stegno_Analysis/SteganoGan/mount/ResearchDataset/fnn/n02802426_10028.JPEG: module 'cv2' has no attribute 'saliency'
2025-07-14 23:06:25,159 - WARNING - Error processing /home/btm0050/Research_AI_Stegno_Analysis/SteganoGan/mount/ResearchDataset/fnn/ILSVRC2013_train_00085565.JPEG: module 'cv2' has no attribute 'saliency'
2025-07-14 23:06:25,212 - WARNING - Error processing /home/btm0050/Research_AI_Stegno_Analysis/SteganoGan/mount/ResearchDataset/fnn/ILSVRC2013_train_00068794.JPEG: module 'cv2' has no attribute 'saliency'
2025-07-14 23:06:25,260 - WARNING - Error processing /home/btm0050/Research_AI_Stegno_Analysis/SteganoGan/mount/ResearchDataset/fnn/n02219486_17317.JPEG: module 'cv2' has no attribute 'saliency'
2025-07-14 23:06:25,306 - WARNING - Error processing /home/btm0050/Research_AI_Stegno_Analysis/SteganoGan/mount/ResearchDataset/fnn/n02672831_36949.JPEG: module 'cv2' has no attribute 'saliency'
2025-07-14 23:06:25,346 - WARNING - Error processing /home/btm0050/Research_AI_Stegno_Analysis/SteganoGan/mount/ResearchDataset/fnn/ILSVRC2014_train_00019400.JPEG: module 'cv2' has no attribute 'saliency'
2025-07-14 23:06:25,407 - WARNING - Error processing /home/btm0050/Research_AI_Stegno_Analysis/SteganoGan/mount/ResearchDataset/fnn/ILSVRC2013_train_00089068.JPEG: module 'cv2' has no attribute 'saliency'
2025-07-14 23:06:25,459 - WARNING - Error processing /home/btm0050/Research_AI_Stegno_Analysis/SteganoGan/mount/ResearchDataset/fnn/n01614925_46124.JPEG: module 'cv2' has no attribute 'saliency'
2025-07-14 23:06:25,507 - WARNING - Error processing /home/btm0050/Research_AI_Stegno_Analysis/SteganoGan/mount/ResearchDataset/fnn/n04019541_9494.JPEG: module 'cv2' has no attribute 'saliency'
2025-07-14 23:06:25,599 - WARNING - Error processing /home/btm0050/Research_AI_Stegno_Analysis/SteganoGan/mount/ResearchDataset/fnn/n01580077_3664.JPEG: module 'cv2' has no attribute 'saliency'
2025-07-14 23:06:25,650 - WARNING - Error processing /home/btm0050/Research_AI_Stegno_Analysis/SteganoGan/mount/ResearchDataset/fnn/n03670208_482.JPEG: module 'cv2' has no attribute 'saliency'
2025-07-14 23:06:25,699 - WARNING - Error processing /home/btm0050/Research_AI_Stegno_Analysis/SteganoGan/mount/ResearchDataset/fnn/ILSVRC2013_train_00036860.JPEG: module 'cv2' has no attribute 'saliency'
2025-07-14 23:06:25,753 - WARNING - Error processing /home/btm0050/Research_AI_Stegno_Analysis/SteganoGan/mount/ResearchDataset/fnn/n02691156_6377.JPEG: module 'cv2' has no attribute 'saliency'
2025-07-14 23:06:25,791 - WARNING - Error processing /home/btm0050/Research_AI_Stegno_Analysis/SteganoGan/mount/ResearchDataset/fnn/ILSVRC2013_train_00094498.JPEG: module 'cv2' has no attribute 'saliency'
2025-07-14 23:06:25,855 - WARNING - Error processing /home/btm0050/Research_AI_Stegno_Analysis/SteganoGan/mount/ResearchDataset/fnn/n01503061_1717.JPEG: module 'cv2' has no attribute 'saliency'
2025-07-14 23:06:25,916 - WARNING - Error processing /home/btm0050/Research_AI_Stegno_Analysis/SteganoGan/mount/ResearchDataset/fnn/ILSVRC2014_train_00002186.JPEG: module 'cv2' has no attribute 'saliency'
2025-07-14 23:06:25,945 - WARNING - Error processing /home/btm0050/Research_AI_Stegno_Analysis/SteganoGan/mount/ResearchDataset/fnn/n02109961_60106.JPEG: module 'cv2' has no attribute 'saliency'
2025-07-14 23:06:26,017 - WARNING - Error processing /home/btm0050/Research_AI_Stegno_Analysis/SteganoGan/mount/ResearchDataset/fnn/ILSVRC2013_train_00102389.JPEG: module 'cv2' has no attribute 'saliency'
2025-07-14 23:06:26,070 - WARNING - Error processing /home/btm0050/Research_AI_Stegno_Analysis/SteganoGan/mount/ResearchDataset/fnn/ILSVRC2013_train_00097491.JPEG: module 'cv2' has no attribute 'saliency'
2025-07-14 23:06:26,126 - WARNING - Error processing /home/btm0050/Research_AI_Stegno_Analysis/SteganoGan/mount/ResearchDataset/fnn/ILSVRC2014_train_00018024.JPEG: module 'cv2' has no attribute 'saliency'
2025-07-14 23:06:26,149 - WARNING - Error processing /home/btm0050/Research_AI_Stegno_Analysis/SteganoGan/mount/ResearchDataset/fnn/n04591157_1714.JPEG: module 'cv2' has no attribute 'saliency'
2025-07-14 23:06:26,191 - WARNING - Error processing /home/btm0050/Research_AI_Stegno_Analysis/SteganoGan/mount/ResearchDataset/fnn/n02037110_8048.JPEG: module 'cv2' has no attribute 'saliency'
2025-07-14 23:06:26,237 - WARNING - Error processing /home/btm0050/Research_AI_Stegno_Analysis/SteganoGan/mount/ResearchDataset/fnn/n03179701_4804.JPEG: module 'cv2' has no attribute 'saliency'
2025-07-14 23:06:26,316 - WARNING - Error processing /home/btm0050/Research_AI_Stegno_Analysis/SteganoGan/mount/ResearchDataset/fnn/n07734744_2081.JPEG: module 'cv2' has no attribute 'saliency'
2025-07-14 23:06:26,352 - WARNING - Error processing /home/btm0050/Research_AI_Stegno_Analysis/SteganoGan/mount/ResearchDataset/fnn/n02006656_2301.JPEG: module 'cv2' has no attribute 'saliency'
2025-07-14 23:06:26,395 - WARNING - Error processing /home/btm0050/Research_AI_Stegno_Analysis/SteganoGan/mount/ResearchDataset/fnn/ILSVRC2013_train_00047578.JPEG: module 'cv2' has no attribute 'saliency'
2025-07-14 23:06:26,473 - WARNING - Error processing /home/btm0050/Research_AI_Stegno_Analysis/SteganoGan/mount/ResearchDataset/fnn/n03063599_4190.JPEG: module 'cv2' has no attribute 'saliency'
2025-07-14 23:06:26,535 - WARNING - Error processing /home/btm0050/Research_AI_Stegno_Analysis/SteganoGan/mount/ResearchDataset/fnn/n04252225_17886.JPEG: module 'cv2' has no attribute 'saliency'
2025-07-14 23:06:26,570 - WARNING - Error processing /home/btm0050/Research_AI_Stegno_Analysis/SteganoGan/mount/ResearchDataset/fnn/ILSVRC2013_train_00059947.JPEG: module 'cv2' has no attribute 'saliency'
2025-07-14 23:06:26,657 - WARNING - Error processing /home/btm0050/Research_AI_Stegno_Analysis/SteganoGan/mount/ResearchDataset/fnn/n01695060_14205.JPEG: module 'cv2' has no attribute 'saliency'
2025-07-14 23:06:26,701 - WARNING - Error processing /home/btm0050/Research_AI_Stegno_Analysis/SteganoGan/mount/ResearchDataset/fnn/n01669191_8080.JPEG: module 'cv2' has no attribute 'saliency'
2025-07-14 23:06:26,761 - WARNING - Error processing /home/btm0050/Research_AI_Stegno_Analysis/SteganoGan/mount/ResearchDataset/fnn/ILSVRC2013_train_00003075.JPEG: module 'cv2' has no attribute 'saliency'
2025-07-14 23:06:26,809 - WARNING - Error processing /home/btm0050/Research_AI_Stegno_Analysis/SteganoGan/mount/ResearchDataset/fnn/ILSVRC2013_train_00035893.JPEG: module 'cv2' has no attribute 'saliency'
2025-07-14 23:06:26,865 - WARNING - Error processing /home/btm0050/Research_AI_Stegno_Analysis/SteganoGan/mount/ResearchDataset/fnn/n02085936_6000.JPEG: module 'cv2' has no attribute 'saliency'
2025-07-14 23:06:26,919 - WARNING - Error processing /home/btm0050/Research_AI_Stegno_Analysis/SteganoGan/mount/ResearchDataset/fnn/n02106662_8076.JPEG: module 'cv2' has no attribute 'saliency'
2025-07-14 23:06:26,974 - WARNING - Error processing /home/btm0050/Research_AI_Stegno_Analysis/SteganoGan/mount/ResearchDataset/fnn/ILSVRC2014_train_00021672.JPEG: module 'cv2' has no attribute 'saliency'
2025-07-14 23:06:27,067 - WARNING - Error processing /home/btm0050/Research_AI_Stegno_Analysis/SteganoGan/mount/ResearchDataset/fnn/ILSVRC2014_train_00022846.JPEG: module 'cv2' has no attribute 'saliency'
2025-07-14 23:06:27,125 - WARNING - Error processing /home/btm0050/Research_AI_Stegno_Analysis/SteganoGan/mount/ResearchDataset/fnn/n01855672_10889.JPEG: module 'cv2' has no attribute 'saliency'
2025-07-14 23:06:27,188 - WARNING - Error processing /home/btm0050/Research_AI_Stegno_Analysis/SteganoGan/mount/ResearchDataset/fnn/ILSVRC2013_train_00083092.JPEG: module 'cv2' has no attribute 'saliency'
2025-07-14 23:06:27,247 - WARNING - Error processing /home/btm0050/Research_AI_Stegno_Analysis/SteganoGan/mount/ResearchDataset/fnn/n02086079_2497.JPEG: module 'cv2' has no attribute 'saliency'
2025-07-14 23:06:27,304 - WARNING - Error processing /home/btm0050/Research_AI_Stegno_Analysis/SteganoGan/mount/ResearchDataset/fnn/ILSVRC2013_train_00006829.JPEG: module 'cv2' has no attribute 'saliency'
2025-07-14 23:06:27,357 - WARNING - Error processing /home/btm0050/Research_AI_Stegno_Analysis/SteganoGan/mount/ResearchDataset/fnn/n02870880_11583.JPEG: module 'cv2' has no attribute 'saliency'
2025-07-14 23:06:27,399 - WARNING - Error processing /home/btm0050/Research_AI_Stegno_Analysis/SteganoGan/mount/ResearchDataset/fnn/n01739381_5210.JPEG: module 'cv2' has no attribute 'saliency'
2025-07-14 23:06:27,440 - WARNING - Error processing /home/btm0050/Research_AI_Stegno_Analysis/SteganoGan/mount/ResearchDataset/fnn/n02206856_7586.JPEG: module 'cv2' has no attribute 'saliency'
2025-07-14 23:06:27,484 - WARNING - Error processing /home/btm0050/Research_AI_Stegno_Analysis/SteganoGan/mount/ResearchDataset/fnn/ILSVRC2014_train_00015485.JPEG: module 'cv2' has no attribute 'saliency'
2025-07-14 23:06:27,540 - WARNING - Error processing /home/btm0050/Research_AI_Stegno_Analysis/SteganoGan/mount/ResearchDataset/fnn/ILSVRC2013_train_00055639.JPEG: module 'cv2' has no attribute 'saliency'
2025-07-14 23:06:27,624 - WARNING - Error processing /home/btm0050/Research_AI_Stegno_Analysis/SteganoGan/mount/ResearchDataset/fnn/ILSVRC2013_train_00039568.JPEG: module 'cv2' has no attribute 'saliency'
2025-07-14 23:06:27,670 - WARNING - Error processing /home/btm0050/Research_AI_Stegno_Analysis/SteganoGan/mount/ResearchDataset/fnn/ILSVRC2013_train_00061877.JPEG: module 'cv2' has no attribute 'saliency'
2025-07-14 23:06:27,722 - WARNING - Error processing /home/btm0050/Research_AI_Stegno_Analysis/SteganoGan/mount/ResearchDataset/fnn/n02013706_2695.JPEG: module 'cv2' has no attribute 'saliency'
2025-07-14 23:06:27,787 - WARNING - Error processing /home/btm0050/Research_AI_Stegno_Analysis/SteganoGan/mount/ResearchDataset/fnn/ILSVRC2013_train_00082180.JPEG: module 'cv2' has no attribute 'saliency'
2025-07-14 23:06:27,854 - WARNING - Error processing /home/btm0050/Research_AI_Stegno_Analysis/SteganoGan/mount/ResearchDataset/fnn/n02121808_4480.JPEG: module 'cv2' has no attribute 'saliency'
2025-07-14 23:06:27,915 - WARNING - Error processing /home/btm0050/Research_AI_Stegno_Analysis/SteganoGan/mount/ResearchDataset/fnn/ILSVRC2014_train_00001414.JPEG: module 'cv2' has no attribute 'saliency'
2025-07-14 23:06:27,993 - WARNING - Error processing /home/btm0050/Research_AI_Stegno_Analysis/SteganoGan/mount/ResearchDataset/fnn/n07930864_64390.JPEG: module 'cv2' has no attribute 'saliency'
2025-07-14 23:06:28,065 - WARNING - Error processing /home/btm0050/Research_AI_Stegno_Analysis/SteganoGan/mount/ResearchDataset/fnn/n02687172_2331.JPEG: module 'cv2' has no attribute 'saliency'
2025-07-14 23:06:28,130 - WARNING - Error processing /home/btm0050/Research_AI_Stegno_Analysis/SteganoGan/mount/ResearchDataset/fnn/n02094433_2162.JPEG: module 'cv2' has no attribute 'saliency'
2025-07-14 23:06:28,199 - WARNING - Error processing /home/btm0050/Research_AI_Stegno_Analysis/SteganoGan/mount/ResearchDataset/fnn/n02165456_7026.JPEG: module 'cv2' has no attribute 'saliency'
2025-07-14 23:06:28,276 - WARNING - Error processing /home/btm0050/Research_AI_Stegno_Analysis/SteganoGan/mount/ResearchDataset/fnn/n02486410_11656.JPEG: module 'cv2' has no attribute 'saliency'
2025-07-14 23:06:28,330 - WARNING - Error processing /home/btm0050/Research_AI_Stegno_Analysis/SteganoGan/mount/ResearchDataset/fnn/n02002724_4301.JPEG: module 'cv2' has no attribute 'saliency'
2025-07-14 23:06:28,419 - WARNING - Error processing /home/btm0050/Research_AI_Stegno_Analysis/SteganoGan/mount/ResearchDataset/fnn/ILSVRC2014_train_00016219.JPEG: module 'cv2' has no attribute 'saliency'
2025-07-14 23:06:28,455 - WARNING - Error processing /home/btm0050/Research_AI_Stegno_Analysis/SteganoGan/mount/ResearchDataset/fnn/n02444819_1711.JPEG: module 'cv2' has no attribute 'saliency'
2025-07-14 23:06:28,497 - WARNING - Error processing /home/btm0050/Research_AI_Stegno_Analysis/SteganoGan/mount/ResearchDataset/fnn/ILSVRC2014_train_00025077.JPEG: module 'cv2' has no attribute 'saliency'
2025-07-14 23:06:28,545 - WARNING - Error processing /home/btm0050/Research_AI_Stegno_Analysis/SteganoGan/mount/ResearchDataset/fnn/n02087394_25192.JPEG: module 'cv2' has no attribute 'saliency'
2025-07-14 23:06:28,604 - WARNING - Error processing /home/btm0050/Research_AI_Stegno_Analysis/SteganoGan/mount/ResearchDataset/fnn/n01735189_21268.JPEG: module 'cv2' has no attribute 'saliency'
2025-07-14 23:06:28,668 - WARNING - Error processing /home/btm0050/Research_AI_Stegno_Analysis/SteganoGan/mount/ResearchDataset/fnn/n02799071_26887.JPEG: module 'cv2' has no attribute 'saliency'
2025-07-14 23:06:28,722 - WARNING - Error processing /home/btm0050/Research_AI_Stegno_Analysis/SteganoGan/mount/ResearchDataset/fnn/ILSVRC2014_train_00050265.JPEG: module 'cv2' has no attribute 'saliency'
2025-07-14 23:06:28,782 - WARNING - Error processing /home/btm0050/Research_AI_Stegno_Analysis/SteganoGan/mount/ResearchDataset/fnn/ILSVRC2014_train_00031054.JPEG: module 'cv2' has no attribute 'saliency'
2025-07-14 23:06:28,837 - WARNING - Error processing /home/btm0050/Research_AI_Stegno_Analysis/SteganoGan/mount/ResearchDataset/fnn/ILSVRC2013_train_00082266.JPEG: module 'cv2' has no attribute 'saliency'
2025-07-14 23:06:28,895 - WARNING - Error processing /home/btm0050/Research_AI_Stegno_Analysis/SteganoGan/mount/ResearchDataset/fnn/n03017168_17349.JPEG: module 'cv2' has no attribute 'saliency'
2025-07-14 23:06:28,914 - WARNING - Error processing /home/btm0050/Research_AI_Stegno_Analysis/SteganoGan/mount/ResearchDataset/fnn/ILSVRC2013_train_00018954.JPEG: module 'cv2' has no attribute 'saliency'
2025-07-14 23:06:28,965 - WARNING - Error processing /home/btm0050/Research_AI_Stegno_Analysis/SteganoGan/mount/ResearchDataset/fnn/n02493509_4380.JPEG: module 'cv2' has no attribute 'saliency'
2025-07-14 23:06:29,003 - WARNING - Error processing /home/btm0050/Research_AI_Stegno_Analysis/SteganoGan/mount/ResearchDataset/fnn/ILSVRC2013_train_00007116.JPEG: module 'cv2' has no attribute 'saliency'
2025-07-14 23:06:29,061 - WARNING - Error processing /home/btm0050/Research_AI_Stegno_Analysis/SteganoGan/mount/ResearchDataset/fnn/n02099601_6629.JPEG: module 'cv2' has no attribute 'saliency'
2025-07-14 23:06:29,114 - WARNING - Error processing /home/btm0050/Research_AI_Stegno_Analysis/SteganoGan/mount/ResearchDataset/fnn/n02840245_11108.JPEG: module 'cv2' has no attribute 'saliency'
2025-07-14 23:06:29,143 - WARNING - Error processing /home/btm0050/Research_AI_Stegno_Analysis/SteganoGan/mount/ResearchDataset/fnn/ILSVRC2014_train_00054573.JPEG: module 'cv2' has no attribute 'saliency'
2025-07-14 23:06:29,209 - WARNING - Error processing /home/btm0050/Research_AI_Stegno_Analysis/SteganoGan/mount/ResearchDataset/fnn/n07873807_11663.JPEG: module 'cv2' has no attribute 'saliency'
2025-07-14 23:06:29,260 - WARNING - Error processing /home/btm0050/Research_AI_Stegno_Analysis/SteganoGan/mount/ResearchDataset/fnn/n09835506_15527.JPEG: module 'cv2' has no attribute 'saliency'
2025-07-14 23:06:29,318 - WARNING - Error processing /home/btm0050/Research_AI_Stegno_Analysis/SteganoGan/mount/ResearchDataset/fnn/n02389026_7786.JPEG: module 'cv2' has no attribute 'saliency'
2025-07-14 23:06:29,353 - WARNING - Error processing /home/btm0050/Research_AI_Stegno_Analysis/SteganoGan/mount/ResearchDataset/fnn/ILSVRC2014_train_00023108.JPEG: module 'cv2' has no attribute 'saliency'
2025-07-14 23:06:29,420 - WARNING - Error processing /home/btm0050/Research_AI_Stegno_Analysis/SteganoGan/mount/ResearchDataset/fnn/n04026417_6412.JPEG: module 'cv2' has no attribute 'saliency'
2025-07-14 23:06:29,486 - WARNING - Error processing /home/btm0050/Research_AI_Stegno_Analysis/SteganoGan/mount/ResearchDataset/fnn/n02096437_4337.JPEG: module 'cv2' has no attribute 'saliency'
2025-07-14 23:06:29,563 - WARNING - Error processing /home/btm0050/Research_AI_Stegno_Analysis/SteganoGan/mount/ResearchDataset/fnn/n01677366_10101.JPEG: module 'cv2' has no attribute 'saliency'
2025-07-14 23:06:29,615 - WARNING - Error processing /home/btm0050/Research_AI_Stegno_Analysis/SteganoGan/mount/ResearchDataset/fnn/n02374451_292.JPEG: module 'cv2' has no attribute 'saliency'
2025-07-14 23:06:29,667 - WARNING - Error processing /home/btm0050/Research_AI_Stegno_Analysis/SteganoGan/mount/ResearchDataset/fnn/n02132136_16360.JPEG: module 'cv2' has no attribute 'saliency'
2025-07-14 23:06:29,734 - WARNING - Error processing /home/btm0050/Research_AI_Stegno_Analysis/SteganoGan/mount/ResearchDataset/fnn/n02108551_22070.JPEG: module 'cv2' has no attribute 'saliency'
2025-07-14 23:06:29,770 - WARNING - Error processing /home/btm0050/Research_AI_Stegno_Analysis/SteganoGan/mount/ResearchDataset/fnn/n02787622_9292.JPEG: module 'cv2' has no attribute 'saliency'
2025-07-14 23:06:29,840 - WARNING - Error processing /home/btm0050/Research_AI_Stegno_Analysis/SteganoGan/mount/ResearchDataset/fnn/n03445924_9020.JPEG: module 'cv2' has no attribute 'saliency'
2025-07-14 23:06:29,902 - WARNING - Error processing /home/btm0050/Research_AI_Stegno_Analysis/SteganoGan/mount/ResearchDataset/fnn/n02281787_4468.JPEG: module 'cv2' has no attribute 'saliency'
2025-07-14 23:06:29,937 - WARNING - Error processing /home/btm0050/Research_AI_Stegno_Analysis/SteganoGan/mount/ResearchDataset/fnn/n02777292_17196.JPEG: module 'cv2' has no attribute 'saliency'
2025-07-14 23:06:30,016 - WARNING - Error processing /home/btm0050/Research_AI_Stegno_Analysis/SteganoGan/mount/ResearchDataset/fnn/n03128519_4441.JPEG: module 'cv2' has no attribute 'saliency'
2025-07-14 23:06:30,078 - WARNING - Error processing /home/btm0050/Research_AI_Stegno_Analysis/SteganoGan/mount/ResearchDataset/fnn/n01910747_9981.JPEG: module 'cv2' has no attribute 'saliency'
2025-07-14 23:06:30,109 - WARNING - Error processing /home/btm0050/Research_AI_Stegno_Analysis/SteganoGan/mount/ResearchDataset/fnn/ILSVRC2013_train_00085243.JPEG: module 'cv2' has no attribute 'saliency'
2025-07-14 23:06:30,157 - WARNING - Error processing /home/btm0050/Research_AI_Stegno_Analysis/SteganoGan/mount/ResearchDataset/fnn/n01503061_775.JPEG: module 'cv2' has no attribute 'saliency'
2025-07-14 23:06:30,183 - WARNING - Error processing /home/btm0050/Research_AI_Stegno_Analysis/SteganoGan/mount/ResearchDataset/fnn/n02109961_66629.JPEG: module 'cv2' has no attribute 'saliency'
2025-07-14 23:06:30,238 - WARNING - Error processing /home/btm0050/Research_AI_Stegno_Analysis/SteganoGan/mount/ResearchDataset/fnn/n07720875_6911.JPEG: module 'cv2' has no attribute 'saliency'
2025-07-14 23:06:30,292 - WARNING - Error processing /home/btm0050/Research_AI_Stegno_Analysis/SteganoGan/mount/ResearchDataset/fnn/n01695060_14247.JPEG: module 'cv2' has no attribute 'saliency'
2025-07-14 23:06:30,371 - WARNING - Error processing /home/btm0050/Research_AI_Stegno_Analysis/SteganoGan/mount/ResearchDataset/fnn/ILSVRC2014_train_00021752.JPEG: module 'cv2' has no attribute 'saliency'
2025-07-14 23:06:30,429 - WARNING - Error processing /home/btm0050/Research_AI_Stegno_Analysis/SteganoGan/mount/ResearchDataset/fnn/ILSVRC2014_train_00037244.JPEG: module 'cv2' has no attribute 'saliency'
2025-07-14 23:06:30,509 - WARNING - Error processing /home/btm0050/Research_AI_Stegno_Analysis/SteganoGan/mount/ResearchDataset/fnn/ILSVRC2014_train_00008448.JPEG: module 'cv2' has no attribute 'saliency'
2025-07-14 23:06:30,563 - WARNING - Error processing /home/btm0050/Research_AI_Stegno_Analysis/SteganoGan/mount/ResearchDataset/fnn/n04004767_14398.JPEG: module 'cv2' has no attribute 'saliency'
2025-07-14 23:06:30,604 - WARNING - Error processing /home/btm0050/Research_AI_Stegno_Analysis/SteganoGan/mount/ResearchDataset/fnn/n04442312_17835.JPEG: module 'cv2' has no attribute 'saliency'
2025-07-14 23:06:30,660 - WARNING - Error processing /home/btm0050/Research_AI_Stegno_Analysis/SteganoGan/mount/ResearchDataset/fnn/ILSVRC2013_train_00062770.JPEG: module 'cv2' has no attribute 'saliency'
2025-07-14 23:06:30,698 - WARNING - Error processing /home/btm0050/Research_AI_Stegno_Analysis/SteganoGan/mount/ResearchDataset/fnn/n02090622_8372.JPEG: module 'cv2' has no attribute 'saliency'
2025-07-14 23:06:30,741 - WARNING - Error processing /home/btm0050/Research_AI_Stegno_Analysis/SteganoGan/mount/ResearchDataset/fnn/n02058221_15450.JPEG: module 'cv2' has no attribute 'saliency'
2025-07-14 23:06:30,807 - WARNING - Error processing /home/btm0050/Research_AI_Stegno_Analysis/SteganoGan/mount/ResearchDataset/fnn/n03633091_12836.JPEG: module 'cv2' has no attribute 'saliency'
2025-07-14 23:06:30,837 - WARNING - Error processing /home/btm0050/Research_AI_Stegno_Analysis/SteganoGan/mount/ResearchDataset/fnn/n02687172_22074.JPEG: module 'cv2' has no attribute 'saliency'
2025-07-14 23:06:30,873 - WARNING - Error processing /home/btm0050/Research_AI_Stegno_Analysis/SteganoGan/mount/ResearchDataset/fnn/n04612504_6811.JPEG: module 'cv2' has no attribute 'saliency'
2025-07-14 23:06:30,929 - WARNING - Error processing /home/btm0050/Research_AI_Stegno_Analysis/SteganoGan/mount/ResearchDataset/fnn/n03120491_22166.JPEG: module 'cv2' has no attribute 'saliency'
2025-07-14 23:06:30,977 - WARNING - Error processing /home/btm0050/Research_AI_Stegno_Analysis/SteganoGan/mount/ResearchDataset/fnn/ILSVRC2013_train_00094227.JPEG: module 'cv2' has no attribute 'saliency'
2025-07-14 23:06:31,025 - WARNING - Error processing /home/btm0050/Research_AI_Stegno_Analysis/SteganoGan/mount/ResearchDataset/fnn/n03255030_10416.JPEG: module 'cv2' has no attribute 'saliency'
2025-07-14 23:06:31,107 - WARNING - Error processing /home/btm0050/Research_AI_Stegno_Analysis/SteganoGan/mount/ResearchDataset/fnn/n01734418_2727.JPEG: module 'cv2' has no attribute 'saliency'
2025-07-14 23:06:31,169 - WARNING - Error processing /home/btm0050/Research_AI_Stegno_Analysis/SteganoGan/mount/ResearchDataset/fnn/ILSVRC2014_train_00011997.JPEG: module 'cv2' has no attribute 'saliency'
